---
source: tests/vscode.rs
expression: "support::stdout_json_snapshot_with_extra_normalizations(&output,\nAPP_SUPPORT_NORMALIZATIONS)"
---
{
  "confidence": "certain",
  "config_path": "<SCENARIO_HOME>/vscode-malformed/<APP_SUPPORT>/Code/User/settings.json",
  "detected": null,
  "error_reason": "failed to parse <SCENARIO_HOME>/vscode-malformed/<APP_SUPPORT>/Code/User/settings.json at line 1 column 1",
  "font": null,
  "profile": null,
  "source": "config_error",
  "terminal": "vscode"
}
