---
source: tests/zed.rs
expression: "support::stdout_json_snapshot(&output)"
---
{
  "confidence": "certain",
  "config_path": "<SCENARIO_HOME>/zed-project-override-subdir/projects/my-project/.zed/settings.json",
  "detected": true,
  "font": "JetBrainsMono Nerd Font",
  "profile": null,
  "source": "terminal_config",
  "terminal": "zed"
}
